
> hb-admin-new@0.0.0 build
> ng build

[33m>[39m Building...
[32mΓêÜ[39m Building...
[1mInitial chunk files[22m  [2m | [22m[1mNames[22m            [2m | [22m [1mRaw size[22m[2m | [22m[1mEstimated transfer size[22m
[32mstyles-GRL7A3N2.css[39m  [2m | [22m[2mstyles[22m           [2m | [22m[36m820.80 kB[39m[2m | [22m              [36m102.17 kB[39m
[32mmain-VPH2XDRK.js[39m     [2m | [22m[2mmain[22m             [2m | [22m[36m662.66 kB[39m[2m | [22m              [36m158.98 kB[39m
[32mchunk-HIXFNSSM.js[39m    [2m | [22m[2m-[22m                [2m | [22m[36m410.50 kB[39m[2m | [22m              [36m110.54 kB[39m
[32mchunk-XFKGKKHL.js[39m    [2m | [22m[2m-[22m                [2m | [22m[36m208.55 kB[39m[2m | [22m               [36m62.11 kB[39m
[32mchunk-FFRQNI73.js[39m    [2m | [22m[2m-[22m                [2m | [22m[36m147.71 kB[39m[2m | [22m               [36m33.01 kB[39m
[32mchunk-ABQECZWT.js[39m    [2m | [22m[2m-[22m                [2m | [22m [36m69.67 kB[39m[2m | [22m               [36m20.96 kB[39m
[32mchunk-I6SPHUMA.js[39m    [2m | [22m[2m-[22m                [2m | [22m [36m53.52 kB[39m[2m | [22m               [36m12.89 kB[39m
[32mchunk-GJDR3NYK.js[39m    [2m | [22m[2m-[22m                [2m | [22m [36m51.60 kB[39m[2m | [22m               [36m10.10 kB[39m
[32mpolyfills-B4GYKAGS.js[39m[2m | [22m[2mpolyfills[22m        [2m | [22m [36m36.23 kB[39m[2m | [22m               [36m11.78 kB[39m
[32mchunk-4U2OJZ4S.js[39m    [2m | [22m[2m-[22m                [2m | [22m [36m19.82 kB[39m[2m | [22m                [36m4.25 kB[39m
[32mchunk-WHMQQSFG.js[39m    [2m | [22m[2m-[22m                [2m | [22m [36m12.78 kB[39m[2m | [22m                [36m3.38 kB[39m
[32mchunk-CT4LWFUD.js[39m    [2m | [22m[2m-[22m                [2m | [22m  [36m7.04 kB[39m[2m | [22m                [36m2.52 kB[39m
[32mchunk-SHEETTGM.js[39m    [2m | [22m[2m-[22m                [2m | [22m  [36m3.98 kB[39m[2m | [22m                [36m1.03 kB[39m
[32mchunk-HVDKCHSV.js[39m    [2m | [22m[2m-[22m                [2m | [22m  [36m2.84 kB[39m[2m | [22m                [36m1.17 kB[39m
[32mchunk-D56TNF7S.js[39m    [2m | [22m[2m-[22m                [2m | [22m  [36m2.60 kB[39m[2m | [22m              [36m994 bytes[39m
[32mchunk-FFM3E3LU.js[39m    [2m | [22m[2m-[22m                [2m | [22m  [36m1.50 kB[39m[2m | [22m              [36m584 bytes[39m
[32mchunk-GF3TYELX.js[39m    [2m | [22m[2m-[22m                [2m | [22m  [36m1.35 kB[39m[2m | [22m              [36m448 bytes[39m
[32mchunk-YVXVG255.js[39m    [2m | [22m[2m-[22m                [2m | [22m[36m979 bytes[39m[2m | [22m              [36m979 bytes[39m
[32mchunk-IQ47ZUQM.js[39m    [2m | [22m[2m-[22m                [2m | [22m[36m451 bytes[39m[2m | [22m              [36m451 bytes[39m

[1m [22m                    [2m | [22m[1mInitial total[22m    [2m | [22m  [1m[93m2.51 MB[39m[22m[2m | [22m              [1m538.37 kB[22m

[1mLazy chunk files[22m     [2m | [22m[1mNames[22m            [2m | [22m [1mRaw size[22m[2m | [22m[1mEstimated transfer size[22m
[32mchunk-6OW756FQ.js[39m    [2m | [22m[2mecommerce-module[22m [2m | [22m  [36m1.46 MB[39m[2m | [22m              [36m303.68 kB[39m
[32mchunk-ZQEWPAQJ.js[39m    [2m | [22m[2mchart-module[22m     [2m | [22m  [36m1.08 MB[39m[2m | [22m              [36m288.00 kB[39m
[32mchunk-AK5ICYPC.js[39m    [2m | [22m[2micons-module[22m     [2m | [22m  [36m1.04 MB[39m[2m | [22m               [36m97.61 kB[39m
[32mchunk-P4F6HD6X.js[39m    [2m | [22m[2m-[22m                [2m | [22m[36m662.62 kB[39m[2m | [22m              [36m141.48 kB[39m
[32mchunk-6SS5EGT3.js[39m    [2m | [22m[2m-[22m                [2m | [22m[36m628.59 kB[39m[2m | [22m              [36m111.37 kB[39m
[32mchunk-27IKYOFE.js[39m    [2m | [22m[2mapexcharts-common[22m[2m | [22m[36m537.62 kB[39m[2m | [22m              [36m116.69 kB[39m
[32mchunk-ZTQU2LWP.js[39m    [2m | [22m[2m-[22m                [2m | [22m[36m524.87 kB[39m[2m | [22m              [36m125.72 kB[39m
[32mchunk-ZZR3K675.js[39m    [2m | [22m[2m-[22m                [2m | [22m[36m239.10 kB[39m[2m | [22m               [36m60.86 kB[39m
[32mchunk-INTKUAME.js[39m    [2m | [22m[2mpatients-module[22m  [2m | [22m[36m146.93 kB[39m[2m | [22m               [36m36.04 kB[39m
[32mchunk-AQFB2EQN.js[39m    [2m | [22m[2mui-module[22m        [2m | [22m[36m122.79 kB[39m[2m | [22m               [36m21.45 kB[39m
[32mchunk-OZZP42GP.js[39m    [2m | [22m[2mcorporate-module[22m [2m | [22m[36m108.01 kB[39m[2m | [22m               [36m14.81 kB[39m
[32mchunk-XDNFMWRY.js[39m    [2m | [22m[2mdoctors-module[22m   [2m | [22m[36m102.29 kB[39m[2m | [22m               [36m18.55 kB[39m
[32mchunk-LAXHXPER.js[39m    [2m | [22m[2mform-module[22m      [2m | [22m [36m81.71 kB[39m[2m | [22m               [36m16.22 kB[39m
[32mchunk-XY6PKIVO.js[39m    [2m | [22m[2m-[22m                [2m | [22m [36m74.63 kB[39m[2m | [22m               [36m17.78 kB[39m
[32mchunk-OQRFE2VL.js[39m    [2m | [22m[2m-[22m                [2m | [22m [36m73.08 kB[39m[2m | [22m               [36m16.30 kB[39m
[2m...and 63 more lazy chunks files. Use "--verbose" to show all the files.[22m

Application bundle generation complete. [23.856 seconds] - 2026-04-22T06:41:58.092Z

node.exe : [1m[33m[33mΓû▓ [43;33m[[43;30mWARNING[43;33m][0m [1mDeprecation[0m [1m[35m[plugin 
angular-sass][0m
At line:1 char:1
+ & "C:\Program Files\nodejs/node.exe" "C:\Program Files\nodejs/node_mo ...
+ ~~~~~~~~~~~~~~~~~~~~~~~~~~~~~~~~~~~~~~~~~~~~~~~~~~~~~~~~~~~~~~~~~~~~~
    + CategoryInfo          : NotSpecified: ([1m[33m[33mΓ...gular-sass][0m:String) [], RemoteException
    + FullyQualifiedErrorId : NativeCommandError
 

    src/app/components/subscribed-health-packages/subscribed-health-package-notifications/subscribed-health-package-not
ifications.component.scss:1:8:
[37m      1 Γöé @import [32m[37m"src/assets/scss/fullcalendar.scss";
        Γò╡         [32m^[0m


  Sass @import rules are deprecated and will be removed in Dart Sass 3.0.0.
  
  More info and automated migrator: [4mhttps://sass-lang.com/d/import[0m


[33mΓû▓ [43;33m[[43;30mWARNING[43;33m][0m [1mDeprecation[0m [1m[35m[plugin angular-sass][0m

    
src/app/components/subscribed-health-packages/subscribed-health-package/subscribed-health-package.component.scss:1:8:
[37m      1 Γöé @import [32m[37m"src/assets/scss/fullcalendar.scss";
        Γò╡         [32m^[0m


  Sass @import rules are deprecated and will be removed in Dart Sass 3.0.0.
  
  More info and automated migrator: [4mhttps://sass-lang.com/d/import[0m


[33mΓû▓ [43;33m[[43;30mWARNING[43;33m][0m [1mDeprecation[0m [1m[35m[plugin angular-sass][0m

    src/app/components/view-appointment/view-appointment.component.scss:1:8:
[37m      1 Γöé @import [32m[37m"src/app/components/select-product/select-product.component...
        Γò╡         [32m^[0m


  Sass @import rules are deprecated and will be removed in Dart Sass 3.0.0.
  
  More info and automated migrator: [4mhttps://sass-lang.com/d/import[0m


[33mΓû▓ [43;33m[[43;30mWARNING[43;33m][0m [1mDeprecation[0m [1m[35m[plugin angular-sass][0m

    src/app/pages/role/consultant/consultant-appointments/consultant-appointments.component.scss:1:8:
[37m      1 Γöé @import [32m[37m'src/assets/scss/fullcalendar.scss';
        Γò╡         [32m^[0m


  Sass @import rules are deprecated and will be removed in Dart Sass 3.0.0.
  
  More info and automated migrator: [4mhttps://sass-lang.com/d/import[0m


[33mΓû▓ [43;33m[[43;30mWARNING[43;33m][0m [1mDeprecation[0m [1m[35m[plugin angular-sass][0m

    src/assets/scss/_variables.scss:347:19:
[37m      347 Γöé $negative-spacers: [32m[37mif($enable-negative-margins, negativify-map($s...
          Γò╡                    [32m^[0m


  The Sass if() syntax is deprecated in favor of the modern CSS syntax.
  
  Suggestion: if(sass($enable-negative-margins): negativify-map($spacers))
  
  More info: [4mhttps://sass-lang.com/d/if-function[0m

  The plugin "angular-sass" was triggered by this import

    angular:styles/global:styles:4:8:
[37m      4 Γöé @import [32m'src/assets/scss/app.scss'[37m;
        Γò╡         [32m~~~~~~~~~~~~~~~~~~~~~~~~~~[0m


[33mΓû▓ [43;33m[[43;30mWARNING[43;33m][0m [1mDeprecation[0m [1m[35m[plugin angular-sass][0m

    src/assets/scss/_variables.scss:347:19:
[37m      347 Γöé $negative-spacers: [32m[37mif($enable-negative-margins, negativify-map($s...
          Γò╡                    [32m^[0m


  The Sass if() syntax is deprecated in favor of the modern CSS syntax.
  
  Suggestion: if(sass($enable-negative-margins): negativify-map($spacers))
  
  More info: [4mhttps://sass-lang.com/d/if-function[0m

  The plugin "angular-sass" was triggered by this import

    angular:styles/global:styles:3:8:
[37m      3 Γöé @import [32m'src/assets/scss/bootstrap.scss'[37m;
        Γò╡         [32m~~~~~~~~~~~~~~~~~~~~~~~~~~~~~~~~[0m


[33mΓû▓ [43;33m[[43;30mWARNING[43;33m][0m [1mDeprecation[0m [1m[35m[plugin angular-sass][0m

    src/assets/scss/_variables.scss:376:42:
[37m      376 Γöé $link-hover-color:                        [32m[37mdarken($link-color, 15%);
          Γò╡                                           [32m^[0m


  Global built-in functions are deprecated and will be removed in Dart Sass 3.0.0.
  Use color.adjust instead.
  
  More info and automated migrator: [4mhttps://sass-lang.com/d/import[0m

  The plugin "angular-sass" was triggered by this import

    angular:styles/global:styles:4:8:
[37m      4 Γöé @import [32m'src/assets/scss/app.scss'[37m;
        Γò╡         [32m~~~~~~~~~~~~~~~~~~~~~~~~~~[0m


[33mΓû▓ [43;33m[[43;30mWARNING[43;33m][0m [1mDeprecation[0m [1m[35m[plugin angular-sass][0m

    src/assets/scss/_variables.scss:376:42:
[37m      376 Γöé $link-hover-color:                        [32m[37mdarken($link-color, 15%);
          Γò╡                                           [32m^[0m


  darken() is deprecated. Suggestions:
  
  color.scale($color, $lightness: -23.6842105263%)
  color.adjust($color, $lightness: -15%)
  
  More info: [4mhttps://sass-lang.com/d/color-functions[0m

  The plugin "angular-sass" was triggered by this import

    angular:styles/global:styles:4:8:
[37m      4 Γöé @import [32m'src/assets/scss/app.scss'[37m;
        Γò╡         [32m~~~~~~~~~~~~~~~~~~~~~~~~~~[0m


[33mΓû▓ [43;33m[[43;30mWARNING[43;33m][0m [1mDeprecation[0m [1m[35m[plugin angular-sass][0m

    src/assets/scss/_variables.scss:376:42:
[37m      376 Γöé $link-hover-color:                        [32m[37mdarken($link-color, 15%);
          Γò╡                                           [32m^[0m


  Global built-in functions are deprecated and will be removed in Dart Sass 3.0.0.
  Use color.adjust instead.
  
  More info and automated migrator: [4mhttps://sass-lang.com/d/import[0m

  The plugin "angular-sass" was triggered by this import

    angular:styles/global:styles:3:8:
[37m      3 Γöé @import [32m'src/assets/scss/bootstrap.scss'[37m;
        Γò╡         [32m~~~~~~~~~~~~~~~~~~~~~~~~~~~~~~~~[0m


[33mΓû▓ [43;33m[[43;30mWARNING[43;33m][0m [1mDeprecation[0m [1m[35m[plugin angular-sass][0m

    src/assets/scss/_variables.scss:376:42:
[37m      376 Γöé $link-hover-color:                        [32m[37mdarken($link-color, 15%);
          Γò╡                                           [32m^[0m


  darken() is deprecated. Suggestions:
  
  color.scale($color, $lightness: -23.6842105263%)
  color.adjust($color, $lightness: -15%)
  
  More info: [4mhttps://sass-lang.com/d/color-functions[0m

  The plugin "angular-sass" was triggered by this import

    angular:styles/global:styles:3:8:
[37m      3 Γöé @import [32m'src/assets/scss/bootstrap.scss'[37m;
        Γò╡         [32m~~~~~~~~~~~~~~~~~~~~~~~~~~~~~~~~[0m


[33mΓû▓ [43;33m[[43;30mWARNING[43;33m][0m [1mDeprecation[0m [1m[35m[plugin angular-sass][0m

    src/assets/scss/_variables.scss:982:36:
[37m      982 Γöé ...ar-brand-padding-y:            [32m[37m($nav-link-height - $navbar-bra...
          Γò╡                                   [32m^[0m


  Using / for division outside of calc() is deprecated and will be removed in Dart Sass 2.0.0.
  
  Recommendation: math.div($nav-link-height - $navbar-brand-height, 2) or calc(($nav-link-height - 
$navbar-brand-height) / 2)
  
  More info and automated migrator: [4mhttps://sass-lang.com/d/slash-div[0m

  The plugin "angular-sass" was triggered by this import

    angular:styles/global:styles:4:8:
[37m      4 Γöé @import [32m'src/assets/scss/app.scss'[37m;
        Γò╡         [32m~~~~~~~~~~~~~~~~~~~~~~~~~~[0m


[33mΓû▓ [43;33m[[43;30mWARNING[43;33m][0m [1mDeprecation[0m [1m[35m[plugin angular-sass][0m

    src/assets/scss/_variables.scss:982:36:
[37m      982 Γöé ...ar-brand-padding-y:            [32m[37m($nav-link-height - $navbar-bra...
          Γò╡                                   [32m^[0m


  Using / for division outside of calc() is deprecated and will be removed in Dart Sass 2.0.0.
  
  Recommendation: math.div($nav-link-height - $navbar-brand-height, 2) or calc(($nav-link-height - 
$navbar-brand-height) / 2)
  
  More info and automated migrator: [4mhttps://sass-lang.com/d/slash-div[0m

  The plugin "angular-sass" was triggered by this import

    angular:styles/global:styles:3:8:
[37m      3 Γöé @import [32m'src/assets/scss/bootstrap.scss'[37m;
        Γò╡         [32m~~~~~~~~~~~~~~~~~~~~~~~~~~~~~~~~[0m


[33mΓû▓ [43;33m[[43;30mWARNING[43;33m][0m [1mDeprecation[0m [1m[35m[plugin angular-sass][0m

    src/assets/scss/_variables.scss:1200:36:
[37m      1200 Γöé ...ver-arrow-outer-color:         [32m[37mfade-in($popover-border-color,...
           Γò╡                                   [32m^[0m


  Global built-in functions are deprecated and will be removed in Dart Sass 3.0.0.
  Use color.adjust instead.
  
  More info and automated migrator: [4mhttps://sass-lang.com/d/import[0m

  The plugin "angular-sass" was triggered by this import

    angular:styles/global:styles:4:8:
[37m      4 Γöé @import [32m'src/assets/scss/app.scss'[37m;
        Γò╡         [32m~~~~~~~~~~~~~~~~~~~~~~~~~~[0m


[33mΓû▓ [43;33m[[43;30mWARNING[43;33m][0m [1mDeprecation[0m [1m[35m[plugin angular-sass][0m

    src/assets/scss/_variables.scss:1200:36:
[37m      1200 Γöé ...ver-arrow-outer-color:         [32m[37mfade-in($popover-border-color,...
           Γò╡                                   [32m^[0m


  fade-in() is deprecated. Suggestions:
  
  color.scale($color, $alpha: 5.5555555556%)
  color.adjust($color, $alpha: 0.05)
  
  More info: [4mhttps://sass-lang.com/d/color-functions[0m

  The plugin "angular-sass" was triggered by this import

    angular:styles/global:styles:4:8:
[37m      4 Γöé @import [32m'src/assets/scss/app.scss'[37m;
        Γò╡         [32m~~~~~~~~~~~~~~~~~~~~~~~~~~[0m


[33mΓû▓ [43;33m[[43;30mWARNING[43;33m][0m [1mDeprecation[0m [1m[35m[plugin angular-sass][0m

    src/assets/scss/_variables.scss:1200:36:
[37m      1200 Γöé ...ver-arrow-outer-color:         [32m[37mfade-in($popover-border-color,...
           Γò╡                                   [32m^[0m


  Global built-in functions are deprecated and will be removed in Dart Sass 3.0.0.
  Use color.adjust instead.
  
  More info and automated migrator: [4mhttps://sass-lang.com/d/import[0m

  The plugin "angular-sass" was triggered by this import

    angular:styles/global:styles:3:8:
[37m      3 Γöé @import [32m'src/assets/scss/bootstrap.scss'[37m;
        Γò╡         [32m~~~~~~~~~~~~~~~~~~~~~~~~~~~~~~~~[0m


[33mΓû▓ [43;33m[[43;30mWARNING[43;33m][0m [1mDeprecation[0m [1m[35m[plugin angular-sass][0m

    src/assets/scss/_variables.scss:1200:36:
[37m      1200 Γöé ...ver-arrow-outer-color:         [32m[37mfade-in($popover-border-color,...
           Γò╡                                   [32m^[0m


  fade-in() is deprecated. Suggestions:
  
  color.scale($color, $alpha: 5.5555555556%)
  color.adjust($color, $alpha: 0.05)
  
  More info: [4mhttps://sass-lang.com/d/color-functions[0m

  The plugin "angular-sass" was triggered by this import

    angular:styles/global:styles:3:8:
[37m      3 Γöé @import [32m'src/assets/scss/bootstrap.scss'[37m;
        Γò╡         [32m~~~~~~~~~~~~~~~~~~~~~~~~~~~~~~~~[0m


[33mΓû▓ [43;33m[[43;30mWARNING[43;33m][0m [1mDeprecation[0m [1m[35m[plugin angular-sass][0m

    src/assets/scss/_variables.scss:1360:36:
[37m      1360 Γöé $breadcrumb-divider:                [32m[37mquote("/");
           Γò╡                                     [32m^[0m


  Global built-in functions are deprecated and will be removed in Dart Sass 3.0.0.
  Use string.quote instead.
  
  More info and automated migrator: [4mhttps://sass-lang.com/d/import[0m

  The plugin "angular-sass" was triggered by this import

    angular:styles/global:styles:4:8:
[37m      4 Γöé @import [32m'src/assets/scss/app.scss'[37m;
        Γò╡         [32m~~~~~~~~~~~~~~~~~~~~~~~~~~[0m


[33mΓû▓ [43;33m[[43;30mWARNING[43;33m][0m [1mDeprecation[0m [1m[35m[plugin angular-sass][0m

    src/assets/scss/_variables.scss:1360:36:
[37m      1360 Γöé $breadcrumb-divider:                [32m[37mquote("/");
           Γò╡                                     [32m^[0m


  Global built-in functions are deprecated and will be removed in Dart Sass 3.0.0.
  Use string.quote instead.
  
  More info and automated migrator: [4mhttps://sass-lang.com/d/import[0m

  The plugin "angular-sass" was triggered by this import

    angular:styles/global:styles:3:8:
[37m      3 Γöé @import [32m'src/assets/scss/bootstrap.scss'[37m;
        Γò╡         [32m~~~~~~~~~~~~~~~~~~~~~~~~~~~~~~~~[0m


[33mΓû▓ [43;33m[[43;30mWARNING[43;33m][0m [1mDeprecation[0m [1m[35m[plugin angular-sass][0m

    src/assets/scss/app.scss:11:8:
[37m      11 Γöé @import [32m[37m"custom/fonts/fonts";
         Γò╡         [32m^[0m


  Sass @import rules are deprecated and will be removed in Dart Sass 3.0.0.
  
  More info and automated migrator: [4mhttps://sass-lang.com/d/import[0m

  The plugin "angular-sass" was triggered by this import

    angular:styles/global:styles:4:8:
[37m      4 Γöé @import [32m'src/assets/scss/app.scss'[37m;
        Γò╡         [32m~~~~~~~~~~~~~~~~~~~~~~~~~~[0m


[33mΓû▓ [43;33m[[43;30mWARNING[43;33m][0m [1mDeprecation[0m [1m[35m[plugin angular-sass][0m

    src/assets/scss/app.scss:14:8:
[37m      14 Γöé @import [32m[37m"bootstrap/scss/functions";
         Γò╡         [32m^[0m


  Sass @import rules are deprecated and will be removed in Dart Sass 3.0.0.
  
  More info and automated migrator: [4mhttps://sass-lang.com/d/import[0m

  The plugin "angular-sass" was triggered by this import

    angular:styles/global:styles:4:8:
[37m      4 Γöé @import [32m'src/assets/scss/app.scss'[37m;
        Γò╡         [32m~~~~~~~~~~~~~~~~~~~~~~~~~~[0m


[33mΓû▓ [43;33m[[43;30mWARNING[43;33m][0m [1mDeprecation[0m [1m[35m[plugin angular-sass][0m

    src/assets/scss/app.scss:15:8:
[37m      15 Γöé @import [32m[37m"bootstrap/scss/variables";
         Γò╡         [32m^[0m


  Sass @import rules are deprecated and will be removed in Dart Sass 3.0.0.
  
  More info and automated migrator: [4mhttps://sass-lang.com/d/import[0m

  The plugin "angular-sass" was triggered by this import

    angular:styles/global:styles:4:8:
[37m      4 Γöé @import [32m'src/assets/scss/app.scss'[37m;
        Γò╡         [32m~~~~~~~~~~~~~~~~~~~~~~~~~~[0m


[33mΓû▓ [43;33m[[43;30mWARNING[43;33m][0m [1mDeprecation[0m [1m[35m[plugin angular-sass][0m

    src/assets/scss/app.scss:16:8:
[37m      16 Γöé @import [32m[37m"variables";
         Γò╡         [32m^[0m


  Sass @import rules are deprecated and will be removed in Dart Sass 3.0.0.
  
  More info and automated migrator: [4mhttps://sass-lang.com/d/import[0m

  The plugin "angular-sass" was triggered by this import

    angular:styles/global:styles:4:8:
[37m      4 Γöé @import [32m'src/assets/scss/app.scss'[37m;
        Γò╡         [32m~~~~~~~~~~~~~~~~~~~~~~~~~~[0m


[33mΓû▓ [43;33m[[43;30mWARNING[43;33m][0m [1mDeprecation[0m [1m[35m[plugin angular-sass][0m

    src/assets/scss/app.scss:17:8:
[37m      17 Γöé @import [32m[37m"bootstrap/scss/mixins";
         Γò╡         [32m^[0m


  Sass @import rules are deprecated and will be removed in Dart Sass 3.0.0.
  
  More info and automated migrator: [4mhttps://sass-lang.com/d/import[0m

  The plugin "angular-sass" was triggered by this import

    angular:styles/global:styles:4:8:
[37m      4 Γöé @import [32m'src/assets/scss/app.scss'[37m;
        Γò╡         [32m~~~~~~~~~~~~~~~~~~~~~~~~~~[0m


[33mΓû▓ [43;33m[[43;30mWARNING[43;33m][0m [1mDeprecation[0m [1m[35m[plugin angular-sass][0m

    src/assets/scss/bootstrap.scss:12:8:
[37m      12 Γöé @import [32m[37m"bootstrap/scss/functions";
         Γò╡         [32m^[0m


  Sass @import rules are deprecated and will be removed in Dart Sass 3.0.0.
  
  More info and automated migrator: [4mhttps://sass-lang.com/d/import[0m

  The plugin "angular-sass" was triggered by this import

    angular:styles/global:styles:3:8:
[37m      3 Γöé @import [32m'src/assets/scss/bootstrap.scss'[37m;
        Γò╡         [32m~~~~~~~~~~~~~~~~~~~~~~~~~~~~~~~~[0m


[33mΓû▓ [43;33m[[43;30mWARNING[43;33m][0m [1mDeprecation[0m [1m[35m[plugin angular-sass][0m

    src/assets/scss/bootstrap.scss:13:8:
[37m      13 Γöé @import [32m[37m"bootstrap/scss/variables";
         Γò╡         [32m^[0m


  Sass @import rules are deprecated and will be removed in Dart Sass 3.0.0.
  
  More info and automated migrator: [4mhttps://sass-lang.com/d/import[0m

  The plugin "angular-sass" was triggered by this import

    angular:styles/global:styles:3:8:
[37m      3 Γöé @import [32m'src/assets/scss/bootstrap.scss'[37m;
        Γò╡         [32m~~~~~~~~~~~~~~~~~~~~~~~~~~~~~~~~[0m


[33mΓû▓ [43;33m[[43;30mWARNING[43;33m][0m [1mDeprecation[0m [1m[35m[plugin angular-sass][0m

    src/assets/scss/bootstrap.scss:14:8:
[37m      14 Γöé @import [32m[37m"variables";
         Γò╡         [32m^[0m


  Sass @import rules are deprecated and will be removed in Dart Sass 3.0.0.
  
  More info and automated migrator: [4mhttps://sass-lang.com/d/import[0m

  The plugin "angular-sass" was triggered by this import

    angular:styles/global:styles:3:8:
[37m      3 Γöé @import [32m'src/assets/scss/bootstrap.scss'[37m;
        Γò╡         [32m~~~~~~~~~~~~~~~~~~~~~~~~~~~~~~~~[0m


[33mΓû▓ [43;33m[[43;30mWARNING[43;33m][0m [1mDeprecation[0m [1m[35m[plugin angular-sass][0m

    src/assets/scss/bootstrap.scss:15:8:
[37m      15 Γöé @import [32m[37m"bootstrap/scss/bootstrap";
         Γò╡         [32m^[0m


  Sass @import rules are deprecated and will be removed in Dart Sass 3.0.0.
  
  More info and automated migrator: [4mhttps://sass-lang.com/d/import[0m

  The plugin "angular-sass" was triggered by this import

    angular:styles/global:styles:3:8:
[37m      3 Γöé @import [32m'src/assets/scss/bootstrap.scss'[37m;
        Γò╡         [32m~~~~~~~~~~~~~~~~~~~~~~~~~~~~~~~~[0m


[33mΓû▓ [43;33m[[43;30mWARNING[43;33m][0m [1mDeprecation[0m [1m[35m[plugin angular-sass][0m

    src/assets/scss/bootstrap.scss:17:8:
[37m      17 Γöé @import [32m[37m"custom/components/reboot";
         Γò╡         [32m^[0m


  Sass @import rules are deprecated and will be removed in Dart Sass 3.0.0.
  
  More info and automated migrator: [4mhttps://sass-lang.com/d/import[0m

  The plugin "angular-sass" was triggered by this import

    angular:styles/global:styles:3:8:
[37m      3 Γöé @import [32m'src/assets/scss/bootstrap.scss'[37m;
        Γò╡         [32m~~~~~~~~~~~~~~~~~~~~~~~~~~~~~~~~[0m


[33mΓû▓ [43;33m[[43;30mWARNING[43;33m][0m [1mDeprecation[0m [1m[35m[plugin angular-sass][0m

    src/assets/scss/custom/components/_badge.scss:38:28:
[37m      38 Γöé           background-color: [32m[37mdarken($value, 4%) !important;
         Γò╡                             [32m^[0m


  Global built-in functions are deprecated and will be removed in Dart Sass 3.0.0.
  Use color.adjust instead.
  
  More info and automated migrator: [4mhttps://sass-lang.com/d/import[0m

  The plugin "angular-sass" was triggered by this import

    angular:styles/global:styles:3:8:
[37m      3 Γöé @import [32m'src/assets/scss/bootstrap.scss'[37m;
        Γò╡         [32m~~~~~~~~~~~~~~~~~~~~~~~~~~~~~~~~[0m


[33mΓû▓ [43;33m[[43;30mWARNING[43;33m][0m [1mDeprecation[0m [1m[35m[plugin angular-sass][0m

    src/assets/scss/custom/components/_badge.scss:38:28:
[37m      38 Γöé           background-color: [32m[37mdarken($value, 4%) !important;
         Γò╡                             [32m^[0m


  darken() is deprecated. Suggestions:
  
  color.scale($color, $lightness: -6.3157894737%)
  color.adjust($color, $lightness: -4%)
  
  More info: [4mhttps://sass-lang.com/d/color-functions[0m

  The plugin "angular-sass" was triggered by this import

    angular:styles/global:styles:3:8:
[37m      3 Γöé @import [32m'src/assets/scss/bootstrap.scss'[37m;
        Γò╡         [32m~~~~~~~~~~~~~~~~~~~~~~~~~~~~~~~~[0m


[33mΓû▓ [43;33m[[43;30mWARNING[43;33m][0m [1mDeprecation[0m [1m[35m[plugin angular-sass][0m

    src/assets/scss/custom/components/_badge.scss:38:28:
[37m      38 Γöé           background-color: [32m[37mdarken($value, 4%) !important;
         Γò╡                             [32m^[0m


  darken() is deprecated. Suggestions:
  
  color.scale($color, $lightness: -7.9377431907%)
  color.adjust($color, $lightness: -4%)
  
  More info: [4mhttps://sass-lang.com/d/color-functions[0m

  The plugin "angular-sass" was triggered by this import

    angular:styles/global:styles:3:8:
[37m      3 Γöé @import [32m'src/assets/scss/bootstrap.scss'[37m;
        Γò╡         [32m~~~~~~~~~~~~~~~~~~~~~~~~~~~~~~~~[0m


[33mΓû▓ [43;33m[[43;30mWARNING[43;33m][0m [1mDeprecation[0m [1m[35m[plugin angular-sass][0m

    src/assets/scss/custom/components/_badge.scss:38:28:
[37m      38 Γöé           background-color: [32m[37mdarken($value, 4%) !important;
         Γò╡                             [32m^[0m


  darken() is deprecated. Suggestions:
  
  color.scale($color, $lightness: -8.2591093117%)
  color.adjust($color, $lightness: -4%)
  
  More info: [4mhttps://sass-lang.com/d/color-functions[0m

  The plugin "angular-sass" was triggered by this import

    angular:styles/global:styles:3:8:
[37m      3 Γöé @import [32m'src/assets/scss/bootstrap.scss'[37m;
        Γò╡         [32m~~~~~~~~~~~~~~~~~~~~~~~~~~~~~~~~[0m


[33mΓû▓ [43;33m[[43;30mWARNING[43;33m][0m [1mDeprecation[0m [1m[35m[plugin angular-sass][0m

    src/assets/scss/custom/plugins/_icons.scss:5:8:
[37m      5 Γöé @import [32m[37m"icons/materialdesignicons";
        Γò╡         [32m^[0m


  Sass @import rules are deprecated and will be removed in Dart Sass 3.0.0.
  
  More info and automated migrator: [4mhttps://sass-lang.com/d/import[0m

  The plugin "angular-sass" was triggered by this import

    angular:styles/global:styles:5:8:
[37m      5 Γöé @import [32m'src/assets/scss/icons.scss'[37m;
        Γò╡         [32m~~~~~~~~~~~~~~~~~~~~~~~~~~~~[0m


[33mΓû▓ [43;33m[[43;30mWARNING[43;33m][0m [1mDeprecation[0m [1m[35m[plugin angular-sass][0m

    src/assets/scss/custom/plugins/_icons.scss:6:8:
[37m      6 Γöé @import [32m[37m"icons/boxicons";
        Γò╡         [32m^[0m


  Sass @import rules are deprecated and will be removed in Dart Sass 3.0.0.
  
  More info and automated migrator: [4mhttps://sass-lang.com/d/import[0m

  The plugin "angular-sass" was triggered by this import

    angular:styles/global:styles:5:8:
[37m      5 Γöé @import [32m'src/assets/scss/icons.scss'[37m;
        Γò╡         [32m~~~~~~~~~~~~~~~~~~~~~~~~~~~~[0m


[33mΓû▓ [43;33m[[43;30mWARNING[43;33m][0m [1mDeprecation[0m [1m[35m[plugin angular-sass][0m

    src/assets/scss/custom/plugins/_icons.scss:7:8:
[37m      7 Γöé @import [32m[37m"icons/fontawesome-all";
        Γò╡         [32m^[0m


  Sass @import rules are deprecated and will be removed in Dart Sass 3.0.0.
  
  More info and automated migrator: [4mhttps://sass-lang.com/d/import[0m

  The plugin "angular-sass" was triggered by this import

    angular:styles/global:styles:5:8:
[37m      5 Γöé @import [32m'src/assets/scss/icons.scss'[37m;
        Γò╡         [32m~~~~~~~~~~~~~~~~~~~~~~~~~~~~[0m


[33mΓû▓ [43;33m[[43;30mWARNING[43;33m][0m [1mDeprecation[0m [1m[35m[plugin angular-sass][0m

    src/assets/scss/custom/plugins/_icons.scss:8:8:
[37m      8 Γöé @import [32m[37m"icons/dripicons";
        Γò╡         [32m^[0m


  Sass @import rules are deprecated and will be removed in Dart Sass 3.0.0.
  
  More info and automated migrator: [4mhttps://sass-lang.com/d/import[0m

  The plugin "angular-sass" was triggered by this import

    angular:styles/global:styles:5:8:
[37m      5 Γöé @import [32m'src/assets/scss/icons.scss'[37m;
        Γò╡         [32m~~~~~~~~~~~~~~~~~~~~~~~~~~~~[0m


[33mΓû▓ [43;33m[[43;30mWARNING[43;33m][0m [1mDeprecation[0m [1m[35m[plugin angular-sass][0m

    src/assets/scss/custom/structure/_right-sidebar.scss:19:26:
[37m      19 Γöé         background-color: [32m[37mlighten($dark, 7%);
         Γò╡                           [32m^[0m


  Global built-in functions are deprecated and will be removed in Dart Sass 3.0.0.
  Use color.adjust instead.
  
  More info and automated migrator: [4mhttps://sass-lang.com/d/import[0m

  The plugin "angular-sass" was triggered by this import

    angular:styles/global:styles:4:8:
[37m      4 Γöé @import [32m'src/assets/scss/app.scss'[37m;
        Γò╡         [32m~~~~~~~~~~~~~~~~~~~~~~~~~~[0m


[33mΓû▓ [43;33m[[43;30mWARNING[43;33m][0m [1mDeprecation[0m [1m[35m[plugin angular-sass][0m

    src/assets/scss/custom/structure/_right-sidebar.scss:19:26:
[37m      19 Γöé         background-color: [32m[37mlighten($dark, 7%);
         Γò╡                           [32m^[0m


  lighten() is deprecated. Suggestions:
  
  color.scale($color, $lightness: 9.0609137056%)
  color.adjust($color, $lightness: 7%)
  
  More info: [4mhttps://sass-lang.com/d/color-functions[0m

  The plugin "angular-sass" was triggered by this import

    angular:styles/global:styles:4:8:
[37m      4 Γöé @import [32m'src/assets/scss/app.scss'[37m;
        Γò╡         [32m~~~~~~~~~~~~~~~~~~~~~~~~~~[0m


[33mΓû▓ [43;33m[[43;30mWARNING[43;33m][0m [1mDeprecation[0m [1m[35m[plugin angular-sass][0m

    src/assets/scss/custom/structure/_right-sidebar.scss:28:30:
[37m      28 Γöé             background-color: [32m[37mlighten($dark, 10%);
         Γò╡                               [32m^[0m


  lighten() is deprecated. Suggestions:
  
  color.scale($color, $lightness: 12.9441624365%)
  color.adjust($color, $lightness: 10%)
  
  More info: [4mhttps://sass-lang.com/d/color-functions[0m

  The plugin "angular-sass" was triggered by this import

    angular:styles/global:styles:4:8:
[37m      4 Γöé @import [32m'src/assets/scss/app.scss'[37m;
        Γò╡         [32m~~~~~~~~~~~~~~~~~~~~~~~~~~[0m


[33mΓû▓ [43;33m[[43;30mWARNING[43;33m][0m [1mDeprecation[0m [1m[35m[plugin angular-sass][0m

    src/assets/scss/custom/structure/_topbar.scss:276:30:
[37m      276 Γöé             background-color: [32m[37mlighten($header-dark-bg,4%);
          Γò╡                               [32m^[0m


  Global built-in functions are deprecated and will be removed in Dart Sass 3.0.0.
  Use color.adjust instead.
  
  More info and automated migrator: [4mhttps://sass-lang.com/d/import[0m

  The plugin "angular-sass" was triggered by this import

    angular:styles/global:styles:4:8:
[37m      4 Γöé @import [32m'src/assets/scss/app.scss'[37m;
        Γò╡         [32m~~~~~~~~~~~~~~~~~~~~~~~~~~[0m


[33mΓû▓ [43;33m[[43;30mWARNING[43;33m][0m [1mDeprecation[0m [1m[35m[plugin angular-sass][0m

    src/assets/scss/custom/structure/_topbar.scss:276:30:
[37m      276 Γöé             background-color: [32m[37mlighten($header-dark-bg,4%);
          Γò╡                               [32m^[0m


  lighten() is deprecated. Suggestions:
  
  color.scale($color, $lightness: 5.2987012987%)
  color.adjust($color, $lightness: 4%)
  
  More info: [4mhttps://sass-lang.com/d/color-functions[0m

  The plugin "angular-sass" was triggered by this import

    angular:styles/global:styles:4:8:
[37m      4 Γöé @import [32m'src/assets/scss/app.scss'[37m;
        Γò╡         [32m~~~~~~~~~~~~~~~~~~~~~~~~~~[0m


[33mΓû▓ [43;33m[[43;30mWARNING[43;33m][0m [1mDeprecation[0m [1m[35m[plugin angular-sass][0m

    src/assets/scss/icons.scss:11:8:
[37m      11 Γöé @import [32m[37m"custom/plugins/icons";
         Γò╡         [32m^[0m

  Sass @import rules are deprecated and will be removed in Dart Sass 3.0.0.
  
  More info and automated migrator: [4mhttps://sass-lang.com/d/import[0m

  The plugin "angular-sass" was triggered by this import

    angular:styles/global:styles:5:8:
[37m      5 Γöé @import [32m'src/assets/scss/icons.scss'[37m;
        Γò╡         [32m~~~~~~~~~~~~~~~~~~~~~~~~~~~~[0m


[33mΓû▓ [43;33m[[43;30mWARNING[43;33m][0m [1mDeprecation[0m [1m[35m[plugin angular-sass][0m

    src/styles.scss:10:8:
[37m      10 Γöé @import [32m[37m"ngx-owl-carousel-o/lib/styles/scss/owl.carousel";
         Γò╡         [32m^[0m


  Sass @import rules are deprecated and will be removed in Dart Sass 3.0.0.
  
  More info and automated migrator: [4mhttps://sass-lang.com/d/import[0m

  The plugin "angular-sass" was triggered by this import

    angular:styles/global:styles:2:8:
[37m      2 Γöé @import [32m'src/styles.scss'[37m;
        Γò╡         [32m~~~~~~~~~~~~~~~~~[0m


[33mΓû▓ [43;33m[[43;30mWARNING[43;33m][0m [1mDeprecation[0m [1m[35m[plugin angular-sass][0m

    src/styles.scss:11:8:
[37m      11 Γöé @import [32m[37m"ngx-owl-carousel-o/lib/styles/scss/owl.theme.default";
         Γò╡         [32m^[0m


  Sass @import rules are deprecated and will be removed in Dart Sass 3.0.0.
  
  More info and automated migrator: [4mhttps://sass-lang.com/d/import[0m

  The plugin "angular-sass" was triggered by this import

    angular:styles/global:styles:2:8:
[37m      2 Γöé @import [32m'src/styles.scss'[37m;
        Γò╡         [32m~~~~~~~~~~~~~~~~~[0m


[33mΓû▓ [43;33m[[43;30mWARNING[43;33m][0m [1mDeprecation[0m [1m[35m[plugin angular-sass][0m

    src/styles.scss:12:8:
[37m      12 Γöé @import [32m[37m"swiper/swiper-bundle";
         Γò╡         [32m^[0m


  Sass @import rules are deprecated and will be removed in Dart Sass 3.0.0.
  
  More info and automated migrator: [4mhttps://sass-lang.com/d/import[0m

  The plugin "angular-sass" was triggered by this import

    angular:styles/global:styles:2:8:
[37m      2 Γöé @import [32m'src/styles.scss'[37m;
        Γò╡         [32m~~~~~~~~~~~~~~~~~[0m


[33mΓû▓ [43;33m[[43;30mWARNING[43;33m][0m [1m17 repetitive deprecation warnings omitted.
Run in verbose mode to see all warnings.[0m [1m[35m[plugin angular-sass][0m

    angular:styles/global:styles:3:8:
[37m      3 Γöé @import [32m'src/assets/scss/bootstrap.scss'[37m;
        Γò╡         [32m~~~~~~~~~~~~~~~~~~~~~~~~~~~~~~~~[0m

  null


[33mΓû▓ [43;33m[[43;30mWARNING[43;33m][0m [1m73 repetitive deprecation warnings omitted.
Run in verbose mode to see all warnings.[0m [1m[35m[plugin angular-sass][0m

    angular:styles/global:styles:4:8:
[37m      4 Γöé @import [32m'src/assets/scss/app.scss'[37m;
        Γò╡         [32m~~~~~~~~~~~~~~~~~~~~~~~~~~[0m

  null


[33mΓû▓ [43;33m[[43;30mWARNING[43;33m][0m [1m1 repetitive deprecation warnings omitted.
Run in verbose mode to see all warnings.[0m [1m[35m[plugin angular-sass][0m

    angular:styles/global:styles:5:8:
[37m      5 Γöé @import [32m'src/assets/scss/icons.scss'[37m;
        Γò╡         [32m~~~~~~~~~~~~~~~~~~~~~~~~~~~~[0m

  null


[33mΓû▓ [43;33m[[43;30mWARNING[43;33m][0m [1mbundle initial exceeded maximum budget. Budget 2.00 MB was not met 
by 514.58 kB with a total of 2.51 MB.[0m


[33mΓû▓ [43;33m[[43;30mWARNING[43;33m][0m [1mModule 'google-libphonenumber' used by 
'node_modules/ngx-intl-tel-input/fesm2022/ngx-intl-tel-input.mjs' is not ESM[0m

  CommonJS or AMD dependencies can cause optimization bailouts.
  For more information see: [4mhttps://angular.dev/tools/cli/build#configuring-commonjs-dependencies[0m


[33mΓû▓ [43;33m[[43;30mWARNING[43;33m][0m [1mModule '@ckeditor/ckeditor5-build-classic' used by 
'src/app/pages/corporate/camp-collection/camp-collection.component.ts' is not ESM[0m

  CommonJS or AMD dependencies can cause optimization bailouts.
  For more information see: [4mhttps://angular.dev/tools/cli/build#configuring-commonjs-dependencies[0m


[33mΓû▓ [43;33m[[43;30mWARNING[43;33m][0m [1mModule 'apexcharts' used by 
'node_modules/ng-apexcharts/fesm2022/ng-apexcharts.mjs' is not ESM[0m

  CommonJS or AMD dependencies can cause optimization bailouts.
  For more information see: [4mhttps://angular.dev/tools/cli/build#configuring-commonjs-dependencies[0m


[33mΓû▓ [43;33m[[43;30mWARNING[43;33m][0m [1mModule 'to-words' used by 
'src/app/pages/ecommerce/orders/orders.component.ts' is not ESM[0m

  CommonJS or AMD dependencies can cause optimization bailouts.
  For more information see: [4mhttps://angular.dev/tools/cli/build#configuring-commonjs-dependencies[0m


[33mΓû▓ [43;33m[[43;30mWARNING[43;33m][0m [1mModule 'html2pdf.js' used by 
'src/app/pages/ecommerce/orders/orders.component.ts' is not ESM[0m

  CommonJS or AMD dependencies can cause optimization bailouts.
  For more information see: [4mhttps://angular.dev/tools/cli/build#configuring-commonjs-dependencies[0m


[33mΓû▓ [43;33m[[43;30mWARNING[43;33m][0m [1mModule 'moment' used by 'src/app/util/date.util.ts' is not ESM[0m

  CommonJS or AMD dependencies can cause optimization bailouts.
  For more information see: [4mhttps://angular.dev/tools/cli/build#configuring-commonjs-dependencies[0m


[33mΓû▓ [43;33m[[43;30mWARNING[43;33m][0m [1mModule 'core-js/modules/es.parse-int.js' used by 
'node_modules/simplebar/dist/simplebar-core.esm.js' is not ESM[0m

  CommonJS or AMD dependencies can cause optimization bailouts.
  For more information see: [4mhttps://angular.dev/tools/cli/build#configuring-commonjs-dependencies[0m


[33mΓû▓ [43;33m[[43;30mWARNING[43;33m][0m [1mModule 'core-js/modules/es.object.assign.js' used by 
'node_modules/simplebar/dist/simplebar-core.esm.js' is not ESM[0m

  CommonJS or AMD dependencies can cause optimization bailouts.
  For more information see: [4mhttps://angular.dev/tools/cli/build#configuring-commonjs-dependencies[0m


[33mΓû▓ [43;33m[[43;30mWARNING[43;33m][0m [1mModule 'core-js/modules/es.array.filter.js' used by 
'node_modules/simplebar/dist/simplebar-core.esm.js' is not ESM[0m

  CommonJS or AMD dependencies can cause optimization bailouts.
  For more information see: [4mhttps://angular.dev/tools/cli/build#configuring-commonjs-dependencies[0m


[33mΓû▓ [43;33m[[43;30mWARNING[43;33m][0m [1mModule 'core-js/modules/es.object.to-string.js' used by 
'node_modules/simplebar/dist/simplebar-core.esm.js' is not ESM[0m

  CommonJS or AMD dependencies can cause optimization bailouts.
  For more information see: [4mhttps://angular.dev/tools/cli/build#configuring-commonjs-dependencies[0m


[33mΓû▓ [43;33m[[43;30mWARNING[43;33m][0m [1mModule 'core-js/modules/es.array.iterator.js' used by 
'node_modules/simplebar/dist/simplebar-core.esm.js' is not ESM[0m

  CommonJS or AMD dependencies can cause optimization bailouts.
  For more information see: [4mhttps://angular.dev/tools/cli/build#configuring-commonjs-dependencies[0m


[33mΓû▓ [43;33m[[43;30mWARNING[43;33m][0m [1mModule 'core-js/modules/es.string.iterator.js' used by 
'node_modules/simplebar/dist/simplebar-core.esm.js' is not ESM[0m

  CommonJS or AMD dependencies can cause optimization bailouts.
  For more information see: [4mhttps://angular.dev/tools/cli/build#configuring-commonjs-dependencies[0m


[33mΓû▓ [43;33m[[43;30mWARNING[43;33m][0m [1mModule 'core-js/modules/es.weak-map.js' used by 
'node_modules/simplebar/dist/simplebar-core.esm.js' is not ESM[0m

  CommonJS or AMD dependencies can cause optimization bailouts.
  For more information see: [4mhttps://angular.dev/tools/cli/build#configuring-commonjs-dependencies[0m


[33mΓû▓ [43;33m[[43;30mWARNING[43;33m][0m [1mModule 'core-js/modules/web.dom-collections.iterator.js' used by 
'node_modules/simplebar/dist/simplebar-core.esm.js' is not ESM[0m

  CommonJS or AMD dependencies can cause optimization bailouts.
  For more information see: [4mhttps://angular.dev/tools/cli/build#configuring-commonjs-dependencies[0m


[33mΓû▓ [43;33m[[43;30mWARNING[43;33m][0m [1mModule 'lodash.throttle' used by 
'node_modules/simplebar/dist/simplebar-core.esm.js' is not ESM[0m

  CommonJS or AMD dependencies can cause optimization bailouts.
  For more information see: [4mhttps://angular.dev/tools/cli/build#configuring-commonjs-dependencies[0m


[33mΓû▓ [43;33m[[43;30mWARNING[43;33m][0m [1mModule 'lodash.debounce' used by 
'node_modules/simplebar/dist/simplebar-core.esm.js' is not ESM[0m

  CommonJS or AMD dependencies can cause optimization bailouts.
  For more information see: [4mhttps://angular.dev/tools/cli/build#configuring-commonjs-dependencies[0m


[33mΓû▓ [43;33m[[43;30mWARNING[43;33m][0m [1mModule 'lodash.memoize' used by 
'node_modules/simplebar/dist/simplebar-core.esm.js' is not ESM[0m

  CommonJS or AMD dependencies can cause optimization bailouts.
  For more information see: [4mhttps://angular.dev/tools/cli/build#configuring-commonjs-dependencies[0m


[33mΓû▓ [43;33m[[43;30mWARNING[43;33m][0m [1mModule 'can-use-dom' used by 
'node_modules/simplebar/dist/simplebar-core.esm.js' is not ESM[0m

  CommonJS or AMD dependencies can cause optimization bailouts.
  For more information see: [4mhttps://angular.dev/tools/cli/build#configuring-commonjs-dependencies[0m


[33mΓû▓ [43;33m[[43;30mWARNING[43;33m][0m [1mModule 'core-js/modules/es.array.reduce.js' used by 
'node_modules/simplebar/dist/simplebar-core.esm.js' is not ESM[0m

  CommonJS or AMD dependencies can cause optimization bailouts.
  For more information see: [4mhttps://angular.dev/tools/cli/build#configuring-commonjs-dependencies[0m


[33mΓû▓ [43;33m[[43;30mWARNING[43;33m][0m [1mModule 'core-js/modules/es.regexp.exec.js' used by 
'node_modules/simplebar/dist/simplebar-core.esm.js' is not ESM[0m

  CommonJS or AMD dependencies can cause optimization bailouts.
  For more information see: [4mhttps://angular.dev/tools/cli/build#configuring-commonjs-dependencies[0m


[33mΓû▓ [43;33m[[43;30mWARNING[43;33m][0m [1mModule 'core-js/modules/es.string.match.js' used by 
'node_modules/simplebar/dist/simplebar-core.esm.js' is not ESM[0m

  CommonJS or AMD dependencies can cause optimization bailouts.
  For more information see: [4mhttps://angular.dev/tools/cli/build#configuring-commonjs-dependencies[0m


[33mΓû▓ [43;33m[[43;30mWARNING[43;33m][0m [1mModule 'core-js/modules/es.function.name.js' used by 
'node_modules/simplebar/dist/simplebar-core.esm.js' is not ESM[0m

  CommonJS or AMD dependencies can cause optimization bailouts.
  For more information see: [4mhttps://angular.dev/tools/cli/build#configuring-commonjs-dependencies[0m


[33mΓû▓ [43;33m[[43;30mWARNING[43;33m][0m [1mModule 'core-js/modules/es.string.replace.js' used by 
'node_modules/simplebar/dist/simplebar-core.esm.js' is not ESM[0m

  CommonJS or AMD dependencies can cause optimization bailouts.
  For more information see: [4mhttps://angular.dev/tools/cli/build#configuring-commonjs-dependencies[0m


[33mΓû▓ [43;33m[[43;30mWARNING[43;33m][0m [1mModule 'sweetalert2' used by 
'src/app/pages/calendar/calendar.component.ts' is not ESM[0m

  CommonJS or AMD dependencies can cause optimization bailouts.
  For more information see: [4mhttps://angular.dev/tools/cli/build#configuring-commonjs-dependencies[0m


[33mΓû▓ [43;33m[[43;30mWARNING[43;33m][0m [1mModule 'bs-custom-file-input' used by 
'src/app/pages/form/elements/elements.component.ts' is not ESM[0m

  CommonJS or AMD dependencies can cause optimization bailouts.
  For more information see: [4mhttps://angular.dev/tools/cli/build#configuring-commonjs-dependencies[0m


[33mΓû▓ [43;33m[[43;30mWARNING[43;33m][0m [1mModule 'firebase/app' used by 'src/app/authUtils.ts' is not ESM[0m

  CommonJS or AMD dependencies can cause optimization bailouts.
  For more information see: [4mhttps://angular.dev/tools/cli/build#configuring-commonjs-dependencies[0m


[33mΓû▓ [43;33m[[43;30mWARNING[43;33m][0m [1mModule 'file-saver' used by 'src/app/core/services/csv.service.ts' 
is not ESM[0m

  CommonJS or AMD dependencies can cause optimization bailouts.
  For more information see: [4mhttps://angular.dev/tools/cli/build#configuring-commonjs-dependencies[0m


[33mΓû▓ [43;33m[[43;30mWARNING[43;33m][0m [1mModule 'exceljs' used by 'src/app/core/services/sheets.service.ts' 
is not ESM[0m

  CommonJS or AMD dependencies can cause optimization bailouts.
  For more information see: [4mhttps://angular.dev/tools/cli/build#configuring-commonjs-dependencies[0m


[33mΓû▓ [43;33m[[43;30mWARNING[43;33m][0m [1mModule '@firebase/auth' used by 
'node_modules/firebase/auth/dist/index.esm.js' is not ESM[0m

  CommonJS or AMD dependencies can cause optimization bailouts.
  For more information see: [4mhttps://angular.dev/tools/cli/build#configuring-commonjs-dependencies[0m


[33mΓû▓ [43;33m[[43;30mWARNING[43;33m][0m [1mModule '@firebase/firestore' used by 
'node_modules/firebase/firestore/dist/index.esm.js' is not ESM[0m

  CommonJS or AMD dependencies can cause optimization bailouts.
  For more information see: [4mhttps://angular.dev/tools/cli/build#configuring-commonjs-dependencies[0m

[39m[22m
Output location: C:\Users\HP\kush\backup\HB\hb-admin-new\dist\hb-admin-new

