[33m>[39m Building...
[32m???[39m Building...
Application bundle generation failed. [19.101 seconds] - 2026-04-08T12:58:06.879Z

